version https://git-lfs.github.com/spec/v1
oid sha256:6f3bca75fe12733e58f417d33d7ae3df313d4819fd3afe7fb5da29f1d2f128c5
size 104525824
