version https://git-lfs.github.com/spec/v1
oid sha256:cfd34c2c1a4202afe7bb615806b920dc4d1fedafabaea4d04e50020ebfebabb6
size 103276544
